\BOOKMARK [1][-]{section.1}{\376\377\000T\000i\036\301\000n\000\040\000x\036\355\000\040\000l\000\375\000\040\000d\036\357\000\040\000l\000i\036\307\000u}{}% 1
\BOOKMARK [2][-]{subsection.1.1}{\376\377\000T\036\325\000n\000g\000\040\000q\000u\000a\000n\000\040\000v\036\301\000\040\000d\036\357\000\040\000l\000i\036\307\000u}{section.1}% 2
\BOOKMARK [2][-]{subsection.1.2}{\376\377\000X\036\355\000\040\000l\000\375\000\040\000d\036\357\000\040\000l\000i\036\307\000u}{section.1}% 3
\BOOKMARK [3][-]{subsubsection.1.2.1}{\376\377\001\020\036\315\000c\000\040\000d\036\357\000\040\000l\000i\036\307\000u}{subsection.1.2}% 4
\BOOKMARK [3][-]{subsubsection.1.2.2}{\376\377\000K\000i\036\303\000m\000\040\000t\000r\000a\000\040\000v\000\340\000\040\000x\036\355\000\040\000l\000\375\000\040\000d\036\357\000\040\000l\000i\036\307\000u\000\040\000k\000h\000u\000y\036\277\000t}{subsection.1.2}% 5
\BOOKMARK [3][-]{subsubsection.1.2.3}{\376\377\000X\036\355\000\040\000l\000\375\000\040\000d\036\357\000\040\000l\000i\036\307\000u\000\040\000p\000h\000\342\000n\000\040\000l\000o\036\241\000i}{subsection.1.2}% 6
\BOOKMARK [1][-]{section.2}{\376\377\000P\000h\000\342\000n\000\040\000t\000\355\000c\000h\000\040\000d\036\357\000\040\000l\000i\036\307\000u}{}% 7
\BOOKMARK [1][-]{section.3}{\376\377\000K\000i\036\303\000m\000\040\000t\000r\000a\000\040\000p\000h\000\342\000n\000\040\000b\036\321\000\040\000v\000\340\000\040\000o\000u\000t\000l\000i\000e\000r\000s\000\040\000c\036\347\000a\000\040\000"\000p\000r\000i\000c\000e\000"}{}% 8
\BOOKMARK [2][-]{subsection.3.1}{\376\377\000M\000a\000\040\000t\000r\036\255\000n\000\040\000t\001\260\001\241\000n\000g\000\040\000q\000u\000a\000n\000\040\000c\036\347\000a\000\040\000c\000\341\000c\000\040\000b\000i\036\277\000n}{section.3}% 9
\BOOKMARK [2][-]{subsection.3.2}{\376\377\000T\000r\036\361\000c\000\040\000q\000u\000a\000n\000\040\000h\000\363\000a\000\040\000d\036\357\000\040\000l\000i\036\307\000u}{section.3}% 10
\BOOKMARK [3][-]{subsubsection.3.2.1}{\376\377\000B\000i\036\277\000n\000\040\000a\000r\000e\000a}{subsection.3.2}% 11
\BOOKMARK [3][-]{subsubsection.3.2.2}{\376\377\000B\000i\036\277\000n\000\040\000"\000b\000e\000d\000r\000o\000o\000m\000s\000"}{subsection.3.2}% 12
\BOOKMARK [3][-]{subsubsection.3.2.3}{\376\377\000B\000i\036\277\000n\000\040\000"\000b\000a\000t\000h\000r\000o\000o\000m\000s\000"}{subsection.3.2}% 13
\BOOKMARK [3][-]{subsubsection.3.2.4}{\376\377\000B\000i\036\277\000n\000\040\000"\000s\000t\000o\000r\000i\000e\000s\000"}{subsection.3.2}% 14
\BOOKMARK [3][-]{subsubsection.3.2.5}{\376\377\000B\000i\036\277\000n\000\040\000"\000p\000a\000r\000k\000i\000n\000g\000"}{subsection.3.2}% 15
\BOOKMARK [3][-]{subsubsection.3.2.6}{\376\377\000B\000i\036\277\000n\000\040\000"\000m\000a\000i\000n\000r\000o\000a\000d\000"}{subsection.3.2}% 16
\BOOKMARK [3][-]{subsubsection.3.2.7}{\376\377\000B\000i\036\277\000n\000\040\000"\000g\000u\000e\000s\000t\000r\000o\000o\000m\000"}{subsection.3.2}% 17
\BOOKMARK [3][-]{subsubsection.3.2.8}{\376\377\000B\000i\036\277\000n\000\040\000"\000b\000a\000s\000e\000m\000e\000n\000t\000"}{subsection.3.2}% 18
\BOOKMARK [3][-]{subsubsection.3.2.9}{\376\377\000B\000i\036\277\000n\000\040\000"\000h\000o\000t\000w\000a\000t\000e\000r\000h\000e\000a\000t\000i\000n\000g\000"}{subsection.3.2}% 19
\BOOKMARK [3][-]{subsubsection.3.2.10}{\376\377\000B\000i\036\277\000n\000\040\000"\000a\000i\000r\000c\000o\000n\000d\000i\000t\000i\000o\000n\000i\000n\000g\000"}{subsection.3.2}% 20
\BOOKMARK [3][-]{subsubsection.3.2.11}{\376\377\000B\000i\036\277\000n\000\040\000"\000p\000r\000e\000f\000a\000r\000e\000a\000"}{subsection.3.2}% 21
\BOOKMARK [3][-]{subsubsection.3.2.12}{\376\377\000B\000i\036\277\000n\000\040\000"\000f\000u\000r\000n\000i\000s\000h\000i\000n\000g\000s\000t\000a\000t\000u\000s\000\137\000s\000e\000m\000i\000-\000f\000u\000r\000n\000i\000s\000h\000e\000d\000"}{subsection.3.2}% 22
\BOOKMARK [3][-]{subsubsection.3.2.13}{\376\377\000B\000i\036\277\000n\000\040\000"\000f\000u\000r\000n\000i\000s\000h\000i\000n\000g\000s\000t\000a\000t\000u\000s\000\137\000u\000n\000f\000u\000r\000n\000i\000s\000h\000e\000d\000"}{subsection.3.2}% 23
\BOOKMARK [1][-]{section.4}{\376\377\000P\000h\001\260\001\241\000n\000g\000\040\000p\000h\000\341\000p}{}% 24
\BOOKMARK [2][-]{subsection.4.1}{\376\377\000H\036\323\000i\000\040\000q\000u\000y\000\040\000t\000u\000y\036\277\000n\000\040\000t\000\355\000n\000h}{section.4}% 25
\BOOKMARK [2][-]{subsection.4.2}{\376\377\000R\000a\000n\000d\000o\000m\000\040\000F\000o\000r\000e\000s\000t}{section.4}% 26
\BOOKMARK [2][-]{subsection.4.3}{\376\377\000X\000G\000B\000o\000o\000s\000t}{section.4}% 27
\BOOKMARK [2][-]{subsection.4.4}{\376\377\000G\000r\000i\000d\000S\000e\000a\000r\000c\000h\000C\000V}{section.4}% 28
\BOOKMARK [2][-]{subsection.4.5}{\376\377\000M\036\241\000n\000g\000\040\000n\001\241\000-\000r\000o\000n\000\040\000n\000h\000i\036\301\000u\000\040\000l\036\333\000p}{section.4}% 29
\BOOKMARK [1][-]{section.5}{\376\377\000X\000\342\000y\000\040\000d\036\361\000n\000g\000\040\000m\000\364\000\040\000h\000\354\000n\000h\000\040\000d\036\361\000\040\001\021\000o\000\341\000n}{}% 30
\BOOKMARK [2][-]{subsection.5.1}{\376\377\000H\036\323\000i\000\040\000q\000u\000y\000\040\000t\000u\000y\036\277\000n\000\040\000t\000\355\000n\000h}{section.5}% 31
\BOOKMARK [2][-]{subsection.5.2}{\376\377\000R\000a\000n\000d\000o\000m\000\040\000F\000o\000r\000e\000s\000t}{section.5}% 32
\BOOKMARK [2][-]{subsection.5.3}{\376\377\000X\000G\000B\000o\000o\000s\000t}{section.5}% 33
\BOOKMARK [2][-]{subsection.5.4}{\376\377\000M\036\241\000n\000g\000\040\000N\001\241\000-\000r\000o\000n\000\040\000n\000h\000i\036\301\000u\000\040\000l\036\333\000p}{section.5}% 34
\BOOKMARK [1][-]{section.6}{\376\377\001\020\000\341\000n\000h\000\040\000g\000i\000\341\000\040\000m\000\364\000\040\000h\000\354\000n\000h\000\040\000d\036\361\000\040\001\021\000o\000\341\000n}{}% 35
\BOOKMARK [2][-]{subsection.6.1}{\376\377\000C\000\341\000c\000\040\000P\000h\001\260\001\241\000n\000g\000\040\000p\000h\000\341\000p\000\040\001\020\000\341\000n\000h\000\040\000g\000i\000\341\000\040\000H\000i\036\307\000u\000\040\000q\000u\036\243\000\040\000M\000\364\000\040\000h\000\354\000n\000h}{section.6}% 36
\BOOKMARK [2][-]{subsection.6.2}{\376\377\000K\036\277\000t\000\040\000q\000u\036\243\000\040\001\021\000\341\000n\000h\000\040\000g\000i\000\341}{section.6}% 37
\BOOKMARK [2][-]{subsection.6.3}{\376\377\001\020\036\323\000\040\000t\000h\036\313\000\040\001\021\000\341\000n\000h\000\040\000g\000i\000\341}{section.6}% 38
\BOOKMARK [2][-]{subsection.6.4}{\376\377\000K\036\277\000t\000\040\000l\000u\036\255\000n}{section.6}% 39
\BOOKMARK [1][-]{section.7}{\376\377\000T\036\325\000n\000g\000\040\000K\036\277\000t}{}% 40
